
> frontend@0.0.0 dev
> vite


  VITE v5.3.5  ready in 340 ms

  ➜  Local:   http://localhost:5173/
  ➜  Network: use --host to expose

> frontend@0.0.0 dev
> vite


  VITE v5.3.5  ready in 358 ms

  ➜  Local:   http://localhost:5173/
  ➜  Network: use --host to expose

> frontend@0.0.0 dev
> vite

Port 5173 is in use, trying another one...

  VITE v5.3.5  ready in 367 ms

  ➜  Local:   http://localhost:5174/
  ➜  Network: use --host to expose

> frontend@0.0.0 dev
> vite

Port 5173 is in use, trying another one...
Port 5174 is in use, trying another one...

  VITE v5.3.5  ready in 393 ms

  ➜  Local:   http://localhost:5175/
  ➜  Network: use --host to expose
9:50:45 AM [vite] vite.config.js changed, restarting server...
9:50:45 AM [vite] vite.config.js changed, restarting server...
9:50:45 AM [vite] vite.config.js changed, restarting server...
9:50:45 AM [vite] vite.config.js changed, restarting server...
Port 5175 is in use, trying another one...
9:50:45 AM [vite] server restarted.

  ➜  Local:   http://localhost:5176/
  ➜  Network: http://172.31.19.4:5176/

Port 5175 is in use, trying another one...
  ➜  Local:   http://localhost:5176/
  ➜  Network: http://172.31.19.4:5176/
Port 5176 is in use, trying another one...
9:50:45 AM [vite] server restarted.

  ➜  Local:   http://localhost:5177/
  ➜  Network: http://172.31.19.4:5177/

  ➜  Local:   http://localhost:5177/
  ➜  Network: http://172.31.19.4:5177/
npm ERR! Missing script: "start"
npm ERR! 
npm ERR! Did you mean one of these?
npm ERR!     npm star # Mark your favorite packages
npm ERR!     npm stars # View packages marked as favorites
npm ERR! 
npm ERR! To see a list of scripts, run:
npm ERR!   npm run

npm ERR! A complete log of this run can be found in:
npm ERR!     /home/ubuntu/.npm/_logs/2026-04-17T03_10_34_854Z-debug-0.log
